// Jest Snapshot v1, https://goo.gl/fbAQLP

exports[`App renders Profile and Main 1`] = `ShallowWrapper {}`;
